Archive member included to satisfy reference by file (symbol)

../../Compiler/COMMON/SGL_302j/LIB_ELF/SEGA_SYS.A(sys_exit.o)
                              ../../jo_engine/core.o (SYS_Exit)
../../Compiler/COMMON/SGL_302j/LIB_ELF/SEGA_SYS.A(sys_sub.o)
                              ../../Compiler/COMMON/SGL_302j/LIB_ELF/SEGA_SYS.A(sys_exit.o) (SYSUB_SetStackptr)
../../Compiler/COMMON/SGL_302j/LIB_ELF/LIBCD.A(CDC_CMN.O)
                              ../../Compiler/COMMON/SGL_302j/LIB_ELF/SEGA_SYS.A(sys_exit.o) (CDC_GetCurStat)
../../Compiler/COMMON/SGL_302j/LIB_ELF/LIBCD.A(CDC_DRV.O)
                              pcmsys.o (CDC_CdPlay)
../../Compiler/COMMON/SGL_302j/LIB_ELF/LIBCD.A(CDC_CFS.O)
                              ../../Compiler/COMMON/SGL_302j/LIB_ELF/SEGA_SYS.A(sys_exit.o) (CDC_ChgDir)
../../Compiler/COMMON/SGL_302j/LIB_ELF/LIBCD.A(CDC_REG.O)
                              ../../Compiler/COMMON/SGL_302j/LIB_ELF/SEGA_SYS.A(sys_exit.o) (CDC_GetHirqReq)
../../Compiler/COMMON/SGL_302j/LIB_ELF/LIBCD.A(CDC_SUB.O)
                              ../../Compiler/COMMON/SGL_302j/LIB_ELF/LIBCD.A(CDC_CMN.O) (CDSUB_UpdStatus)
../../Compiler/COMMON/SGL_302j/LIB_ELF/LIBCD.A(GFS.O)
                              pcmsys.o (GFS_Init)
../../Compiler/COMMON/SGL_302j/LIB_ELF/LIBCD.A(GFS_BUF.O)
                              ../../Compiler/COMMON/SGL_302j/LIB_ELF/LIBCD.A(GFS.O) (GFBF_GetNumData)
../../Compiler/COMMON/SGL_302j/LIB_ELF/LIBCD.A(GFS_CDB.O)
                              ../../Compiler/COMMON/SGL_302j/LIB_ELF/LIBCD.A(GFS.O) (GFCB_Close)
../../Compiler/COMMON/SGL_302j/LIB_ELF/LIBCD.A(GFS_CDC.O)
                              ../../Compiler/COMMON/SGL_302j/LIB_ELF/LIBCD.A(GFS.O) (GFCD_SetCdbfs)
../../Compiler/COMMON/SGL_302j/LIB_ELF/LIBCD.A(GFS_CDF.O)
                              ../../Compiler/COMMON/SGL_302j/LIB_ELF/LIBCD.A(GFS.O) (GFCF_Init)
../../Compiler/COMMON/SGL_302j/LIB_ELF/LIBCD.A(GFS_DIR.O)
                              ../../Compiler/COMMON/SGL_302j/LIB_ELF/LIBCD.A(GFS.O) (GFDR_SetupDirTbl)
../../Compiler/COMMON/SGL_302j/LIB_ELF/LIBCD.A(GFS_TRN.O)
                              ../../Compiler/COMMON/SGL_302j/LIB_ELF/LIBCD.A(GFS.O) (GFTR_Setup)
../../Compiler/COMMON/SGL_302j/LIB_ELF/LIBCD.A(CDC_DEV.O)
                              ../../Compiler/COMMON/SGL_302j/LIB_ELF/LIBCD.A(GFS_CDC.O) (CDC_CdSetCon)
../../Compiler/COMMON/SGL_302j/LIB_ELF/LIBCD.A(CDC_SEL.O)
                              ../../Compiler/COMMON/SGL_302j/LIB_ELF/LIBCD.A(GFS_CDC.O) (CDC_SetFiltRange)
../../Compiler/COMMON/SGL_302j/LIB_ELF/LIBCD.A(CDC_BIF.O)
                              ../../Compiler/COMMON/SGL_302j/LIB_ELF/LIBCD.A(GFS_CDC.O) (CDC_GetBufSiz)
../../Compiler/COMMON/SGL_302j/LIB_ELF/LIBCD.A(CDC_BIO.O)
                              ../../Compiler/COMMON/SGL_302j/LIB_ELF/LIBCD.A(GFS_CDC.O) (CDC_SetSctLen)
../../Compiler/COMMON/SGL_302j/LIB_ELF/LIBSGL.A(sglA01.o)
                              ../../jo_engine/math.o (slSin)
../../Compiler/COMMON/SGL_302j/LIB_ELF/LIBSGL.A(sglA15.o)
                              ../../jo_engine/slave.o (slSlaveFunc)
../../Compiler/COMMON/SGL_302j/LIB_ELF/LIBSGL.A(sglA16.o)
                              main.o (slLookAt)
../../Compiler/COMMON/SGL_302j/LIB_ELF/LIBSGL.A(sglA17.o)
                              main.o (slRotZ)
../../Compiler/COMMON/SGL_302j/LIB_ELF/LIBSGL.A(sglA18.o)
                              main.o (slRotY)
../../Compiler/COMMON/SGL_302j/LIB_ELF/LIBSGL.A(sglA19.o)
                              main.o (slRotX)
../../Compiler/COMMON/SGL_302j/LIB_ELF/LIBSGL.A(sglA20.o)
                              main.o (slUnitMatrix)
../../Compiler/COMMON/SGL_302j/LIB_ELF/LIBSGL.A(sglA21.o)
                              main.o (slPushMatrix)
../../Compiler/COMMON/SGL_302j/LIB_ELF/LIBSGL.A(sglA27.o)
                              main.o (slTranslate)
../../Compiler/COMMON/SGL_302j/LIB_ELF/LIBSGL.A(sglA28.o)
                              main.o (slScale)
../../Compiler/COMMON/SGL_302j/LIB_ELF/LIBSGL.A(sglA40.o)
                              main.o (slCalcVector)
../../Compiler/COMMON/SGL_302j/LIB_ELF/LIBSGL.A(sglB001.o)
                              main.o (slTVOn)
../../Compiler/COMMON/SGL_302j/LIB_ELF/LIBSGL.A(sglB011.o)
                              ../../jo_engine/vdp2.o (slBitMapNbg1)
../../Compiler/COMMON/SGL_302j/LIB_ELF/LIBSGL.A(sglB014.o)
                              ../../jo_engine/vdp2.o (slScrTransparent)
../../Compiler/COMMON/SGL_302j/LIB_ELF/LIBSGL.A(sglB015.o)
                              ../../jo_engine/vdp2.o (slScrAutoDisp)
../../Compiler/COMMON/SGL_302j/LIB_ELF/LIBSGL.A(sglB016.o)
                              ../../jo_engine/vdp2.o (slBack1ColSet)
../../Compiler/COMMON/SGL_302j/LIB_ELF/LIBSGL.A(sglB020.o)
                              ../../jo_engine/vdp2.o (slColorCalc)
../../Compiler/COMMON/SGL_302j/LIB_ELF/LIBSGL.A(sglB021.o)
                              ../../jo_engine/vdp2.o (slColorCalcOn)
[...]
Memory Configuration

Name             Origin             Length             Attributes
*default*        0x00000000         0xffffffff

Linker script and memory map


SLSTART         0x06004000       0x30
                0x06004000                ___Start = .
 *(SLSTART)
 SLSTART        0x06004000       0x28 ../../Compiler/COMMON/SGL_302j/LIB_ELF/LIBSGL.A(sglI00.o)
                0x06004000                SGL_Start
                0x06004002                slStartSGL

.text           0x06004040    0x1dff0
 *(.text)
 .text          0x06004040        0x0 ../../Compiler/COMMON/SGL_302j/LIB_ELF/SGLAREA.O
 .text          0x06004040     0xcfb0 main.o
                0x06004040                my_vblank
                0x06004444                ztClearText
                0x06004490                count_char
                0x060044ac                render_CLUT_sprite_HT
                0x060044fc                render_CLUT_sprite
                0x0600454c                render_CLUT_sprite_MESH
                0x0600459c                render_CLUT_sprite2
                0x06004610                replace_texture
                0x0600465c                change_player_volume
                0x0600470c                stop_engine_sound
                0x06004778                stop_sounds
                0x060047f8                init_2p_display
                0x06004888                init_1p_display
                0x06004910                effect
                0x060049b4                create_checkpoint
                0x060049d0                create_waypoint
                0x060049f0                roundUp
                0x06004a54                animate_texture
                0x06004aa4                apply_player_gravity
                0x06004b00                getTime
                0x06004b60                getSeconds
                0x06004bb8                reset_demo
                0x06004dc8                reset_to_last_checkpoint
                0x06004ec0                player_jump
                0x06004ee4                player_high_bounce
                0x06004f24                player_bounce
                0x06005bac                player_ramp_jump
                0x06005c10                pup_timer_counter
                0x06005c48                player_hurt
                0x06005cac                set_player_position
                0x06005df4                set_player_total_position
                0x06005e5c                transition_to_end_level
                0x06005fc0                race_ended
                0x06005fe0                player_collision_handling
                0x06007e4c                create_enemy
                0x06007f28                create_powerup
                0x06007f50                create_player
                0x06008170                create_map_section
                0x060081ac                computeLight
                0x0600821c                create_particles
                0x060082f0                create_clouds
                0x06008384                animate_player
                0x0600850c                draw_powerups
                0x06008614                draw_player
                0x06009488                map_builder_draw_section
                0x060099cc                map_builder_draw_powerup
                0x06009b24                draw_walls
                0x06009b50                draw_map
                0x06009cf0                draw_hud
                0x0600a7a8                move_camera
                0x0600b57c                race_start
                0x0600b598                my_draw
                0x0600b5b8                load_car
                0x0600b794                load_binary
                0x0600c2a0                load_textures
                0x0600c2ec                load_level
                0x0600c8e0                load_preview
                0x0600c924                load_trackmap
                0x0600c968                set_palette
                0x0600c984                change_player_palette
                0x0600cae0                transition_to_title_screen
                0x0600e1c4                transition_to_player_select
                0x0600e36c                transition_to_level_select
                0x0600e46c                clear_level
                0x0600e4c0                menu
                0x0600eda8                object_viewer
                0x0600edc4                pause_game
                0x0600ede0                attract_mode
                0x0600ede4                title_screen
                0x0600ee00                init_display
                0x0600ee74                cpu_control
                0x0600f0ac                my_gamepad
                0x0600f0cc                load_background
                0x0600f10c                draw_3d_planes
                0x0600f4d0                init_3d_planes
                0x0600fcd0                load_hud
                0x0600fd08                load_4bits_car_textures
                0x0600fdac                load_4bits_player_textures
                0x0600ff74                total_table
                0x060100e0                race_table
                0x06010330                end_level
                0x060108d4                extra_select
                0x060109c0                player_select
                0x060109dc                level_select
                0x060109f8                gameLoop
                0x06010b0c                load_player_and_enemies
                0x06010b50                load_sound
                0x06010d84                load_nbg2_font
                0x06010de4                jo_main
 .text          0x06010ff0      0x74c collision.o
                0x06011058                Lerp
                0x06011090                has_collision
                0x06011120                has_horizontal_collision
                0x060111e8                has_vertical_collision
                0x060112ac                has_ramp_collision
                0x060114ac                has_trigger_collision
                0x06011554                has_shadow_collision
                0x060115ec                has_ceiling_collision
                0x060116a8                has_object_collision
 .text          0x0601173c      0x904 pcmsys.o
                0x060117a4                pcm_play
                0x060117cc                pcm_parameter_change
                0x060117f0                pcm_cease
                0x0601181c                cd_init
                0x06011854                smpc_wait_till_ready
                0x06011868                smpc_issue_command
                0x0601187c                load_driver_binary
                0x060119a8                load_drv
                0x060119f4                calculate_bytes_per_blank
                0x06011a24                convert_bitrate_to_pitchword
                0x06011a80                load_16bit_pcm
                0x06011bf4                load_8bit_pcm
                0x06011d68                gcd
                0x06011d94                lcm
                0x06011dd8                load_adx
                0x06011fb4                sdrv_vblank_rq
                0x06011fc4                CDDASetVolume
                0x06011fd8                CDDAPlay
                0x06012018                CDDAPlaySingle
                0x06012024                CDDAStop
 .text          0x06012040      0x970 ../../jo_engine/tga.o
                0x060122bc                jo_set_tga_default_palette
                0x060122c8                jo_set_tga_palette_handling
                0x060122d4                __jo_tga_load
                0x060123b4                __jo_tga_any_loader_from_stream
                0x060123fc                jo_tga_8bits_loader_from_stream
                0x06012414                jo_tga_loader_from_stream
                0x0601242c                __jo_tga_any_loader
                0x0601247c                jo_tga_8bits_loader
                0x06012498                jo_tga_loader
                0x060124b4                jo_tga_8bits_tileset_loader
                0x060126a0                jo_sprite_add_tga_tileset
                0x060128c0                jo_sprite_add_tga_from_stream
                0x0601291c                jo_sprite_add_tga
 .text          0x060129b0      0x790 ../../jo_engine/3d.o
                0x06012a18                jo_3d_init
                0x06012a48                jo_3d_create_triangle
                0x06012a84                jo_3d_create_plane
                0x06012ac4                jo_3d_create_mesh_from_vertices_and_normals
                0x06012bd8                jo_3d_free_mesh
                0x06012bfc                jo_3d_create_cube
                0x06012c58                jo_3d_set_mesh_polygon_transparency
                0x06012c7c                jo_3d_set_mesh_transparency
                0x06012ccc                jo_3d_set_mesh_polygon_screen_doors
                0x06012cf8                jo_3d_set_mesh_polygon_high_speed_shrink
                0x06012d24                jo_3d_set_mesh_high_speed_shrink
                0x06012d7c                jo_3d_set_mesh_screen_doors
                0x06012dd4                jo_3d_set_mesh_polygon_light
                0x06012df8                jo_3d_set_mesh_light
                0x06012e48                jo_3d_set_mesh_polygon_texture
                0x06012ecc                jo_3d_set_mesh_texture
                0x06012f0c                jo_3d_set_mesh_polygon_wireframe
                0x06012f30                jo_3d_set_mesh_polygon_color_ex
                0x06012f9c                jo_3d_set_mesh_color
                0x06013040                jo_3d_free_sprite_quad
                0x0601306c                jo_3d_create_sprite_quad
 .text          0x06013140      0x64c ../../jo_engine/fs.o
                0x060131a8                jo_fs_init
                0x060131f0                jo_fs_do_background_jobs
                0x060132ac                jo_fs_read_file_async_ptr
                0x060133b0                jo_fs_cd
                0x060133f0                jo_fs_read_file_ptr
                0x060134f0                jo_fs_read_file_in_dir
                0x0601353c                jo_fs_open
                0x060135bc                jo_fs_seek_forward
                0x0601369c                jo_fs_read_next_bytes
                0x0601375c                jo_fs_close
                0x0601377c                jo_fs_set_read_sector_count
 .text          0x0601378c       0xf8 ../../jo_engine/slave.o
                0x0601380c                jo_core_add_slave_callback
                0x06013828                jo_core_remove_slave_callback
                0x0601383c                jo_core_slave_init
                0x0601384c                jo_core_wait_for_slave
                0x06013870                jo_core_exec_on_slave
 .text          0x06013884      0x440 ../../jo_engine/font.o
                0x060138ec                jo_font_load
                0x06013ac4                jo_font_print
                0x06013bac                jo_font_print_centered
 .text          0x06013cc4      0x164 ../../jo_engine/input.o
                0x06013d2c                jo_get_inputs_vblank
                0x06013d74                jo_get_input_type
                0x06013dbc                jo_get_input_count
                0x06013de0                jo_get_input_axis
 .text          0x06013e28        0x0 ../../jo_engine/physics.o
 .text          0x06013e28      0x530 ../../jo_engine/core.o
                0x06013ed8                __jo_core_set_screens_order
                0x06014010                jo_core_init
                0x060141cc                jo_core_add_vblank_callback
                0x06014218                jo_core_remove_vblank_callback
                0x06014248                jo_core_add_callback
                0x06014264                jo_core_remove_callback
                0x06014278                jo_goto_boot_menu
                0x06014284                jo_core_set_restart_game_callback
                0x06014290                jo_core_run
 .text          0x06014358      0xb44 ../../jo_engine/math.o
                0x060143c0                jo_fixed_mult
                0x060143d4                jo_fixed_dot
                0x060143ec                jo_fixed_pow
                0x06014424                jo_fixed_div
                0x0601444c                jo_fixed_sin
                0x060144a8                jo_fixed_cos
                0x06014504                jo_gcd
                0x06014520                jo_atan2f_rad
                0x060146e4                jo_planar_rotate
                0x060148dc                jo_random
                0x0601494c                jo_vector_fixed_compute_bezier_point
                0x06014adc                jo_vectorf_compute_bezier_point
                0x06014c2c                jo_fixed_sqrt
                0x06014cdc                jo_sqrt
                0x06014d1c                jo_fixed_rsqrt
                0x06014e2c                jo_rsqrt
 .text          0x06014e9c      0x224 ../../jo_engine/malloc.o
                0x06014f04                jo_add_memory_zone
                0x06014f44                jo_malloc_with_behaviour
                0x06015024                jo_reduce_memory_fragmentation
                0x06015098                jo_free
 .text          0x060150c0      0x30c ../../jo_engine/tools.o
                0x06015128                jo_getdate
                0x06015190                jo_get_current_language
                0x060151b4                jo_tools_atoi
                0x06015200                jo_strlen
                0x06015220                jo_endwith
                0x06015284                jo_strcmp
                0x060152b4                jo_memset
                0x06015358                jo_map_to_vram
 .text          0x060153cc       0xb4 ../../jo_engine/palette.o
                0x06015434                jo_create_palette
                0x06015458                jo_set_palette_register
                0x0601546c                jo_get_palette_register
 .text          0x06015480      0x868 ../../jo_engine/sprites.o
                0x060155e8                jo_sprite_usage_percent
                0x06015674                jo_get_last_sprite_id
                0x06015680                jo_sprite_init
                0x060156a4                jo_sprite_name2id
                0x060156e8                jo_sprite_replace
                0x0601577c                jo_sprite_add
                0x06015790                jo_sprite_add_8bits_image
                0x060157a4                jo_sprite_free_from
                0x0601584c                jo_set_gouraud_shading_colors
                0x06015874                jo_set_gouraud_shading_brightness
                0x060158b4                jo_sprite_draw_4p_fixed
                0x060159cc                jo_sprite_draw
                0x06015b14                jo_sprite_draw_rotate
                0x06015cb4                jo_sprite_set_clipping_area
 .text          0x06015ce8      0xa90 ../../jo_engine/map.o
                0x06015e18                jo_map_per_pixel_vertical_collision
                0x06015fac                jo_map_hitbox_detection_custom_boundaries
                0x0601601c                jo_map_create
                0x0601606c                jo_map_add_tile
                0x06016090                jo_map_add_animated_tile
                0x060160b4                jo_map_draw_background
                0x0601614c                jo_map_3d_draw
                0x06016284                jo_map_draw
                0x06016380                jo_map_free
                0x06016398                jo_map_load_from_file
                0x0601670c                jo_map_move_tiles_by_attribute
 .text          0x06016778      0x194 ../../jo_engine/list.o
                0x060167e0                jo_list_init
                0x060167f0                jo_list_add
                0x06016834                jo_list_insert_at
                0x060168ac                jo_list_remove
 .text          0x0601690c      0x230 ../../jo_engine/sprite_animator.o
                0x06016a20                jo_replace_sprite_anim
                0x06016a88                jo_create_sprite_anim
                0x06016b14                jo_clear_all_sprite_anim
 .text          0x06016b3c      0x590 ../../jo_engine/image.o
                0x06016ba4                __jo_bin_load
                0x06016bf4                jo_free_img
                0x06016c10                jo_bin_loader_from_stream
                0x06016cb8                jo_bin_loader
                0x06016d3c                jo_replace_color
                0x06016d78                jo_sprite_add_bin_tileset
                0x06016ed8                jo_sprite_add_bin
                0x06016f48                jo_sprite_add_bin_from_stream
                0x06016f88                jo_sprite_add_image_pack
 .text          0x060170cc     0x1198 ../../jo_engine/vdp2.o
                0x060171b0                jo_set_default_background_color
                0x060171f0                __jo_init_vdp2
                0x0601724c                jo_img_to_vdp2_cells
                0x060172f8                jo_vdp2_replace_rbg0_plane_a_8bits_image
                0x0601730c                jo_vdp2_replace_rbg0_plane_b_8bits_image
                0x06017320                jo_vdp2_set_rbg0_plane_a_8bits_image
                0x060173ec                jo_vdp2_set_rbg0_plane_b_8bits_image
                0x060174b8                jo_vdp2_enable_rbg0
                0x0601758c                jo_vdp2_disable_rbg0
                0x060175a4                jo_vdp2_set_nbg0_8bits_image
                0x060176b4                jo_vdp2_disable_nbg0_line_scroll
                0x060176d8                jo_vdp2_compute_nbg0_line_scroll
                0x060176f0                jo_vdp2_enable_nbg0_line_scroll
                0x06017760                jo_vdp2_draw_bitmap_nbg1_line
                0x06017834                jo_vdp2_clear_bitmap_nbg1
                0x060178a4                jo_vdp2_set_nbg1_8bits_image
                0x06017998                jo_vdp2_set_nbg1_image
                0x06017bb8                jo_vdp2_disable_nbg1_line_scroll
                0x06017bdc                jo_vdp2_compute_nbg1_line_scroll
                0x06017bf4                jo_vdp2_enable_nbg1_line_scroll
                0x06017c64                jo_nbg2_clear
                0x06017c94                __jo_set_nbg2_8bits_image
                0x06017d38                jo_nbg2_print
                0x06017dbc                jo_vdp2_set_nbg2_8bits_font
                0x06017e44                jo_vdp2_set_nbg2_8bits_image
                0x06017eb0                jo_nbg3_clear
                0x06017ee0                __jo_set_nbg3_8bits_image
                0x06017f84                jo_nbg3_print
                0x06018008                jo_vdp2_set_nbg3_8bits_font
                0x06018090                jo_vdp2_set_nbg3_8bits_image
                0x060180fc                jo_set_displayed_screens
                0x0601810c                jo_disable_all_screens_transparency
                0x06018130                jo_enable_screen_transparency
 .text          0x06018264      0x280 ../../jo_engine/time.o
                0x060182cc                jo_time_init
                0x060182f8                jo_get_ticks
                0x060183d8                jo_fixed_point_time
 .text          0x060184e4       0x68 ../../jo_engine/vdp1_command_pipeline.o
 .text          0x0601854c      0x2e8 ../../jo_engine/vdp2_malloc.o
                0x060185b4                jo_vdp2_malloc_init
                0x060185ec                jo_vdp2_free
                0x060186ac                jo_vdp2_malloc
 *fill*         0x06018834        0xc 
 .text          0x06018840      0x238 ../../Compiler/COMMON/SGL_302j/LIB_ELF/SEGA_SYS.A(sys_exit.o)
                0x06018840                sys_version
                0x06018860                SYS_Exit
 *fill*         0x06018a78        0x8 
 .text          0x06018a80        0x6 ../../Compiler/COMMON/SGL_302j/LIB_ELF/SEGA_SYS.A(sys_sub.o)
                0x06018a80                SYSUB_SetStackptr
 *fill*         0x06018a86        0xa 
 .text          0x06018a90      0x3a0 ../../Compiler/COMMON/SGL_302j/LIB_ELF/LIBCD.A(CDC_CMN.O)
                0x06018a90                CDC_GetCurStat
                0x06018ae0                CDC_GetLastStat
                0x06018af8                CDC_GetPeriStat
                0x06018bcc                CDC_GetHwInfo
                0x06018c34                CDC_TgetToc
                0x06018c84                CDC_GetSes
                0x06018cc0                CDC_CdInit
                0x06018d44                CDC_CdOpen
                0x06018d6c                CDC_DataReady
                0x06018dd8                CDC_DataEnd
 .text          0x06018e30      0x130 ../../Compiler/COMMON/SGL_302j/LIB_ELF/LIBCD.A(CDC_DRV.O)
                0x06018e30                CDC_CdPlay
                0x06018efc                CDC_CdSeek
                0x06018f30                CDC_CdScan
 .text          0x06018f60      0x194 ../../Compiler/COMMON/SGL_302j/LIB_ELF/LIBCD.A(CDC_CFS.O)
                0x06018f60                CDC_ChgDir
                0x06018f94                CDC_ReadDir
                0x06018fc8                CDC_GetFileScope
                0x06019028                CDC_TgetFileInfo
                0x06019084                CDC_ReadFile
                0x060190b8                CDC_AbortFile
 *fill*         0x060190f4        0xc 
 .text          0x06019100      0x2dc ../../Compiler/COMMON/SGL_302j/LIB_ELF/LIBCD.A(CDC_REG.O)
                0x06019100                CDC_GetDataPtr
                0x06019110                CDC_GetHirqReq
                0x06019124                CDC_ClrHirqReq
                0x06019154                CDREG_ClrHirqReq
                0x06019164                CDREG_InitHirqReq
                0x0601918c                CDREG_SetHirqFlag
                0x060191a0                CDC_GetHirqMsk
                0x060191b4                CDC_SetHirqMsk
                0x060191c4                CDC_GetMpegPtr
                0x060191d4                CDREG_TgetData
                0x06019230                CDREG_CmdRsp
                0x06019330                CDREG_WaitHirq
                0x060193a0                CDREG_ReadRsp
 *fill*         0x060193dc        0x4 
 .text          0x060193e0      0x152 ../../Compiler/COMMON/SGL_302j/LIB_ELF/LIBCD.A(CDC_SUB.O)
                0x060193e0                CDSUB_UpdStatus
                0x060193f8                CDSUB_UpdCdstat
                0x06019418                CDSUB_CdCmd
                0x06019488                CDSUB_GetCdstat
                0x060194c8                CDSUB_RspToCdstat
                0x06019510                CDSUB_SoftTimer
 *fill*         0x06019532        0xe 
 .text          0x06019540     0x1adc ../../Compiler/COMMON/SGL_302j/LIB_ELF/LIBCD.A(GFS.O)
                0x06019540                gfs_version
                0x06019560                GFS_Init
                0x06019648                GFS_LoadDir
                0x060196f0                GFS_SetDir
                0x06019758                GFS_NameToId
                0x060197bc                GFS_IdToName
                0x06019828                GFS_GetDirInfo
                0x06019898                GFS_Reset
                0x0601991c                GFS_Open
                0x060199d0                GFS_Close
                0x06019a08                GFS_Seek
                0x06019abc                GFS_Tell
                0x06019b0c                GFS_IsEof
                0x06019b60                GFS_ByteToSct
                0x06019bbc                GFS_GetFileSize
                0x06019c18                GFS_GetFileInfo
                0x06019c8c                GFS_GetNumCdbuf
                0x06019cb4                GFS_Load
                0x06019d78                GFS_Fread
                0x06019e14                gfs_waitRead
                0x06019ebc                GFS_NwFread
                0x06019fc8                GFS_NwCdRead
                0x0601a040                GFS_NwIsComplete
                0x0601a078                GFS_NwStop
                0x0601a0e4                GFS_NwGetStat
                0x0601a160                gfs_recovRdErr
                0x0601a190                GFS_NwExecOne
                0x0601a250                GFS_NwExecServer
                0x0601a2cc                GFS_SetGmode
                0x0601a330                GFS_SetTmode
                0x0601a39c                GFS_SetReadPara
                0x0601a400                GFS_SetTransPara
                0x0601a46c                GFS_SetTrFunc
                0x0601a4d0                GFS_StartTrans
                0x0601a51c                GFS_CdMovePickup
                0x0601a588                GFS_SetErrFunc
                0x0601a5b4                GFS_GetErrStat
                0x0601a5d8                GFS_ConvTno
                0x0601a600                gfs_chgRoot
                0x0601a6cc                gfs_aborttrans
                0x0601a6d8                gfs_mngSetupFuncTbl
                0x0601a70c                gfs_mngInitWork
                0x0601a7b0                gfs_mngGetNumFile
                0x0601a818                GFS_mngAllocGrp
                0x0601a860                gfs_mngFreeGrp
                0x0601a86c                gfs_mngTermAccess
                0x0601a8f0                gfs_mngSetErrCode
                0x0601a970                gfs_svrSearchHndl
                0x0601a9b0                gfs_svrAddHndl
                0x0601a9ec                gfs_svrRemoveHndl
                0x0601aa48                GFS_OpenSub
                0x0601aaa0                gfs_loadVol
                0x0601ab64                gfs_getRootDir
                0x0601ac60                gfs_loadRootDir
                0x0601ace8                gfs_flowIn
                0x0601ad90                gfs_transData
                0x0601ae34                GFS_GetFad
                0x0601ae8c                gfs_SetSct
                0x0601aecc                gfs_GetFinfo
                0x0601af0c                gfs_closeSub
                0x0601af48                gfs_getGmode
                0x0601af54                gfs_isTaskDone
                0x0601afa8                gfs_convFinStat
 *fill*         0x0601b01c        0x4 
 .text          0x0601b020      0x106 ../../Compiler/COMMON/SGL_302j/LIB_ELF/LIBCD.A(GFS_BUF.O)
                0x0601b050                GFBF_GetTranData
                0x0601b078                GFBF_GetNumData
                0x0601b0a8                GFBF_GetSrcPk
                0x0601b0d0                GFBF_GetSctData
                0x0601b0f4                GFBF_RtnPk
                0x0601b11c                gfbf_getSctDt
 *fill*         0x0601b126        0xa 
 .text          0x0601b130      0x600 ../../Compiler/COMMON/SGL_302j/LIB_ELF/LIBCD.A(GFS_CDB.O)
                0x0601b130                GFCB_Setup
                0x0601b250                GFCB_Close
                0x0601b278                GFCB_GetLenData
                0x0601b324                GFCB_GetLenRoom
                0x0601b330                GFCB_SetFilt
                0x0601b398                GFCB_DeleteAllData
                0x0601b3c0                GFCB_Tell
                0x0601b3d0                gfcb_getSctNum
                0x0601b420                GFCB_Seek
                0x0601b51c                GFCB_GetSrcPack
                0x0601b5fc                GFCB_GetSctData
                0x0601b634                GFCB_GetDstPack
                0x0601b640                GFCB_RtnPk
                0x0601b688                GFCB_MovePickup
                0x0601b6a4                GFCB_SetCon
                0x0601b6d8                GFCB_GetPickup
                0x0601b700                GFCB_IsPuOwner
                0x0601b718                GFCB_UngetPickup
 .text          0x0601b730     0x1a10 ../../Compiler/COMMON/SGL_302j/LIB_ELF/LIBCD.A(GFS_CDC.O)
                0x0601b730                GFCD_SetCdbfs
                0x0601b75c                GFCD_Init
                0x0601b960                GFCD_AllocFilt
                0x0601b99c                GFCD_FreeFilt
                0x0601b9cc                GFCD_AllocBuf
                0x0601ba00                GFCD_FreeBuf
                0x0601baa4                GFCD_GetBaseFad
                0x0601bad8                GFCD_GetPickup
                0x0601bb0c                GFCD_UngetPickup
                0x0601bb38                GFCD_IsPuOwner
                0x0601bb5c                GFCD_SetFilt
                0x0601bc20                GFCD_GetFilt
                0x0601bc68                GFCD_SetCon
                0x0601bcc0                GFCD_Play
                0x0601bd20                GFCD_GetLenData
                0x0601bd88                GFCD_ReqData
                0x0601bde4                GFCD_EndData
                0x0601be2c                GFCD_DelSctData
                0x0601be84                GFCD_CheckDelSctData
                0x0601beb4                GFCD_GetStat
                0x0601bf68                GFCD_MovePickup
                0x0601bfb4                GFCD_MoveSctData
                0x0601c028                GFCD_CheckMove
                0x0601c04c                GFCD_GetSctInfo
                0x0601c094                GFCD_ChgDir
                0x0601c108                GFCD_SetFiltCon
                0x0601c1f0                GFCD_GetFileInfo
                0x0601c2cc                GFCD_GetBufSiz
                0x0601c304                GFCD_ExecServer
                0x0601c3d8                gfcd_isIdleTask
                0x0601c464                gfcd_doTask
                0x0601c510                GFCD_SetTimer
                0x0601c524                GFCD_WaitServer
                0x0601c560                gfcd_doSetFiltTsk
                0x0601c724                gfcd_doSetConTsk
                0x0601c7b4                gfcd_doGetLenDataTsk
                0x0601c908                gfcd_doReqDataTsk
                0x0601c9a8                gfcd_doDelSctDataTsk
                0x0601cadc                gfcd_doMoveSctTsk
                0x0601cc40                gfcd_doChgDirTsk
                0x0601ce3c                gfcd_doSetFiltConTsk
                0x0601cf80                gfcd_checkEflag
                0x0601cfa4                gfcd_initCdbMng
                0x0601d024                gfcd_setStat
                0x0601d050                GFCD_SetCsctFunc
                0x0601d06c                GFCD_ChkScdqFlag
                0x0601d090                GFCD_ClrScdqFlag
                0x0601d0ac                GFCD_WaitScdqFlag
                0x0601d0f0                GFCD_WaitPause
 .text          0x0601d140      0x8d8 ../../Compiler/COMMON/SGL_302j/LIB_ELF/LIBCD.A(GFS_CDF.O)
                0x0601d140                GFCF_Init
                0x0601d1e0                GFCF_Setup
                0x0601d328                GFCF_SetSct
                0x0601d36c                GFCF_GetFileInfo
                0x0601d3e0                GFCF_FlowInBuf
                0x0601d534                GFCF_StopInBuf
                0x0601d5d4                GFCF_Recover
                0x0601d61c                GFCF_Tell
                0x0601d634                GFCF_Seek
                0x0601d64c                GFCF_MovePickup
                0x0601d6e8                GFCF_cnvIntlvOfs
                0x0601d73c                GFCF_GetStat
                0x0601d7d4                gfcf_getSctSize
                0x0601d810                gfcf_isCdOk
                0x0601d8d0                gfcf_getPlayRange
 *fill*         0x0601da18        0x8 
 .text          0x0601da20      0x92c ../../Compiler/COMMON/SGL_302j/LIB_ELF/LIBCD.A(GFS_DIR.O)
                0x0601da20                GFDR_SetupDirTbl
                0x0601da94                GFDR_NameToId
                0x0601daf4                GFDR_GetInfoDirId
                0x0601db08                GFDR_GetInfoDirName
                0x0601db1c                GFDR_GetAtrDirId
                0x0601db34                GFDR_GetAtrDirName
                0x0601db4c                GFDR_ChgRoot
                0x0601db64                GFDR_ChgDir
                0x0601dbd8                gfdr_setupDirIdTbl
                0x0601dc5c                gfdr_setupDirNameTbl
                0x0601dd08                gfdr_open
                0x0601dd30                gfdr_read
                0x0601ddf0                gfdr_readByte
                0x0601de1c                gfdr_readWord
                0x0601de48                gfdr_readWordNB
                0x0601de9c                gfdr_readLongNB
                0x0601dee8                gfdr_readLongNM
                0x0601df10                gfdr_setNextRec
                0x0601df94                gfdr_readDirEnt
                0x0601e310                gfdr_setDirrecCd
 *fill*         0x0601e34c        0x4 
 .text          0x0601e350      0x9c6 ../../Compiler/COMMON/SGL_302j/LIB_ELF/LIBCD.A(GFS_TRN.O)
                0x0601e380                GFTR_Setup
                0x0601e3c4                GFTR_SetMode
                0x0601e3d8                GFTR_SetUnit
                0x0601e3e4                GFTR_SetTransPara
                0x0601e418                GFTR_GetTransPara
                0x0601e424                GFTR_GetNumTrans
                0x0601e430                GFTR_SetTransMax
                0x0601e43c                GFTR_Start
                0x0601e448                GFTR_Pause
                0x0601e454                GFTR_Stop
                0x0601e50c                GFTR_Exec
                0x0601e590                GFTR_Idle
                0x0601e608                GFTR_ExecSvr
                0x0601e710                gftr_getSrcPack
                0x0601e798                gftr_getDstPack
                0x0601e7f4                gftr_reqScu
                0x0601e800                gftr_execScu
                0x0601e89c                gftr_remScu
                0x0601e8d0                gfdma_canUse
                0x0601e8dc                gfdma_exec
                0x0601e94c                gfdma_getBytecnt
                0x0601e984                gftr_reqDma0
                0x0601e99c                gftr_execSdma0
                0x0601e9c0                gftr_remDma0
                0x0601e9d8                gftr_reqDma1
                0x0601e9f0                gftr_execSdma1
                0x0601ea14                gftr_remDma1
                0x0601ea2c                gftr_reqCpu
                0x0601ea38                gftr_execCpu
                0x0601ea78                gftr_remCpu
                0x0601ea84                gftr_reqTrn
                0x0601eaf4                gftr_execTrn
                0x0601ebcc                gftr_remTrn
                0x0601ec40                gftr_copyFrac
                0x0601ec68                GFTR_GetLenData
                0x0601ec74                GFTR_GetLenRoom
                0x0601ec8c                GFTR_GetDstPack
                0x0601ecc0                GFTR_RtnDstPk
                0x0601ecdc                GFTR_GetData
                0x0601ecf0                GFTR_SetData
                0x0601ed04                GFTR_SetTransFunc
 *fill*         0x0601ed16        0xa 
 .text          0x0601ed20       0xa8 ../../Compiler/COMMON/SGL_302j/LIB_ELF/LIBCD.A(CDC_DEV.O)
                0x0601ed20                CDC_CdSetCon
                0x0601ed50                CDC_CdGetCon
                0x0601ed8c                CDC_CdGetLastBuf
 *fill*         0x0601edc8        0x8 
 .text          0x0601edd0      0x2b8 ../../Compiler/COMMON/SGL_302j/LIB_ELF/LIBCD.A(CDC_SEL.O)
                0x0601edd0                CDC_SetFiltRange
                0x0601ee04                CDC_GetFiltRange
                0x0601ee5c                CDC_SetFiltSubh
                0x0601eecc                CDC_GetFiltSubh
                0x0601ef48                CDC_SetFiltMode
                0x0601ef7c                CDC_GetFiltMode
                0x0601efc0                CDC_SetFiltCon
                0x0601f000                CDC_GetFiltCon
                0x0601f054                CDC_ResetSelector
 *fill*         0x0601f088        0x8 
 .text          0x0601f090      0x270 ../../Compiler/COMMON/SGL_302j/LIB_ELF/LIBCD.A(CDC_BIF.O)
                0x0601f090                CDC_GetBufSiz
                0x0601f0ec                CDC_GetSctNum
                0x0601f130                CDC_CalActSiz
                0x0601f16c                CDC_GetActSiz
                0x0601f1ec                CDC_GetSctInfo
                0x0601f26c                CDC_ExeFadSearch
                0x0601f2a4                CDC_GetFadSearch
 .text          0x0601f300      0x1e4 ../../Compiler/COMMON/SGL_302j/LIB_ELF/LIBCD.A(CDC_BIO.O)
                0x0601f300                CDC_SetSctLen
                0x0601f334                CDC_GetSctData
                0x0601f370                CDC_DelSctData
                0x0601f3ac                CDC_GetdelSctData
                0x0601f3e8                CDC_PutSctData
                0x0601f420                CDC_CopySctData
                0x0601f464                CDC_MoveSctData
                0x0601f4a8                CDC_GetCopyErr
 *fill*         0x0601f4e4        0xc 
 .text          0x0601f4f0        0x0 ../../Compiler/COMMON/SGL_302j/LIB_ELF/LIBSGL.A(sglA01.o)
 .text          0x0601f4f0        0x0 ../../Compiler/COMMON/SGL_302j/LIB_ELF/LIBSGL.A(sglA15.o)
 .text          0x0601f4f0        0x0 ../../Compiler/COMMON/SGL_302j/LIB_ELF/LIBSGL.A(sglA16.o)
 .text          0x0601f4f0        0x0 ../../Compiler/COMMON/SGL_302j/LIB_ELF/LIBSGL.A(sglA17.o)
 .text          0x0601f4f0        0x0 ../../Compiler/COMMON/SGL_302j/LIB_ELF/LIBSGL.A(sglA18.o)
 .text          0x0601f4f0        0x0 ../../Compiler/COMMON/SGL_302j/LIB_ELF/LIBSGL.A(sglA19.o)
 .text          0x0601f4f0        0x0 ../../Compiler/COMMON/SGL_302j/LIB_ELF/LIBSGL.A(sglA20.o)
 .text          0x0601f4f0        0x0 ../../Compiler/COMMON/SGL_302j/LIB_ELF/LIBSGL.A(sglA21.o)
 .text          0x0601f4f0        0x0 ../../Compiler/COMMON/SGL_302j/LIB_ELF/LIBSGL.A(sglA27.o)
 .text          0x0601f4f0        0x0 ../../Compiler/COMMON/SGL_302j/LIB_ELF/LIBSGL.A(sglA28.o)
 .text          0x0601f4f0        0x0 ../../Compiler/COMMON/SGL_302j/LIB_ELF/LIBSGL.A(sglA40.o)
 .text          0x0601f4f0        0x0 ../../Compiler/COMMON/SGL_302j/LIB_ELF/LIBSGL.A(sglB001.o)
 .text          0x0601f4f0        0x0 ../../Compiler/COMMON/SGL_302j/LIB_ELF/LIBSGL.A(sglB011.o)
 .text          0x0601f4f0        0x0 ../../Compiler/COMMON/SGL_302j/LIB_ELF/LIBSGL.A(sglB014.o)
 .text          0x0601f4f0        0x0 ../../Compiler/COMMON/SGL_302j/LIB_ELF/LIBSGL.A(sglB015.o)
 .text          0x0601f4f0        0x0 ../../Compiler/COMMON/SGL_302j/LIB_ELF/LIBSGL.A(sglB016.o)
 .text          0x0601f4f0        0x0 ../../Compiler/COMMON/SGL_302j/LIB_ELF/LIBSGL.A(sglB020.o)
 .text          0x0601f4f0        0x0 ../../Compiler/COMMON/SGL_302j/LIB_ELF/LIBSGL.A(sglB021.o)
 .text          0x0601f4f0        0x0 ../../Compiler/COMMON/SGL_302j/LIB_ELF/LIBSGL.A(sglB023.o)
 .text          0x0601f4f0        0x0 ../../Compiler/COMMON/SGL_302j/LIB_ELF/LIBSGL.A(sglB031.o)
 .text          0x0601f4f0        0x0 ../../Compiler/COMMON/SGL_302j/LIB_ELF/LIBSGL.A(sglB032.o)
 .text          0x0601f4f0        0x0 ../../Compiler/COMMON/SGL_302j/LIB_ELF/LIBSGL.A(sglB033.o)
 .text          0x0601f4f0        0x0 ../../Compiler/COMMON/SGL_302j/LIB_ELF/LIBSGL.A(sglB034.o)
 .text          0x0601f4f0        0x0 ../../Compiler/COMMON/SGL_302j/LIB_ELF/LIBSGL.A(sglB035.o)
 .text          0x0601f4f0        0x0 ../../Compiler/COMMON/SGL_302j/LIB_ELF/LIBSGL.A(sglB036.o)
 .text          0x0601f4f0        0x0 ../../Compiler/COMMON/SGL_302j/LIB_ELF/LIBSGL.A(sglB038.o)
 .text          0x0601f4f0        0x0 ../../Compiler/COMMON/SGL_302j/LIB_ELF/LIBSGL.A(sglB039.o)
 .text          0x0601f4f0        0x0 ../../Compiler/COMMON/SGL_302j/LIB_ELF/LIBSGL.A(sglB040.o)
 .text          0x0601f4f0        0x0 ../../Compiler/COMMON/SGL_302j/LIB_ELF/LIBSGL.A(sglB041.o)
 .text          0x0601f4f0        0x0 ../../Compiler/COMMON/SGL_302j/LIB_ELF/LIBSGL.A(sglB042.o)
 .text          0x0601f4f0        0x0 ../../Compiler/COMMON/SGL_302j/LIB_ELF/LIBSGL.A(sglB043.o)
 .text          0x0601f4f0        0x0 ../../Compiler/COMMON/SGL_302j/LIB_ELF/LIBSGL.A(sglB044.o)
 .text          0x0601f4f0        0x0 ../../Compiler/COMMON/SGL_302j/LIB_ELF/LIBSGL.A(sglB045.o)
 .text          0x0601f4f0        0x0 ../../Compiler/COMMON/SGL_302j/LIB_ELF/LIBSGL.A(sglB047.o)
 .text          0x0601f4f0        0x0 ../../Compiler/COMMON/SGL_302j/LIB_ELF/LIBSGL.A(sglB048.o)
 .text          0x0601f4f0        0x0 ../../Compiler/COMMON/SGL_302j/LIB_ELF/LIBSGL.A(sglB055.o)
 .text          0x0601f4f0        0x0 ../../Compiler/COMMON/SGL_302j/LIB_ELF/LIBSGL.A(sglB056.o)
 .text          0x0601f4f0        0x0 ../../Compiler/COMMON/SGL_302j/LIB_ELF/LIBSGL.A(sglB057.o)
 .text          0x0601f4f0        0x0 ../../Compiler/COMMON/SGL_302j/LIB_ELF/LIBSGL.A(sglB058.o)
 .text          0x0601f4f0        0x0 ../../Compiler/COMMON/SGL_302j/LIB_ELF/LIBSGL.A(sglB059.o)
 .text          0x0601f4f0        0x0 ../../Compiler/COMMON/SGL_302j/LIB_ELF/LIBSGL.A(sglB060.o)
 .text          0x0601f4f0        0x0 ../../Compiler/COMMON/SGL_302j/LIB_ELF/LIBSGL.A(sglB063.o)
 .text          0x0601f4f0        0x0 ../../Compiler/COMMON/SGL_302j/LIB_ELF/LIBSGL.A(sglB087.o)
 .text          0x0601f4f0        0x0 ../../Compiler/COMMON/SGL_302j/LIB_ELF/LIBSGL.A(sglB088.o)
 .text          0x0601f4f0        0x0 ../../Compiler/COMMON/SGL_302j/LIB_ELF/LIBSGL.A(sglB090.o)
 .text          0x0601f4f0        0x0 ../../Compiler/COMMON/SGL_302j/LIB_ELF/LIBSGL.A(sglB200.o)
 .text          0x0601f4f0        0x0 ../../Compiler/COMMON/SGL_302j/LIB_ELF/LIBSGL.A(sglC01.o)
 .text          0x0601f4f0        0x0 ../../Compiler/COMMON/SGL_302j/LIB_ELF/LIBSGL.A(sglC03.o)
 .text          0x0601f4f0        0x0 ../../Compiler/COMMON/SGL_302j/LIB_ELF/LIBSGL.A(sglC04.o)
 .text          0x0601f4f0        0x0 ../../Compiler/COMMON/SGL_302j/LIB_ELF/LIBSGL.A(sglC05.o)
 .text          0x0601f4f0        0x0 ../../Compiler/COMMON/SGL_302j/LIB_ELF/LIBSGL.A(sglC06.o)
 .text          0x0601f4f0        0x0 ../../Compiler/COMMON/SGL_302j/LIB_ELF/LIBSGL.A(sglC07.o)
 .text          0x0601f4f0        0x0 ../../Compiler/COMMON/SGL_302j/LIB_ELF/LIBSGL.A(sglC08.o)
 .text          0x0601f4f0        0x0 ../../Compiler/COMMON/SGL_302j/LIB_ELF/LIBSGL.A(sglC14.o)
 .text          0x0601f4f0        0x0 ../../Compiler/COMMON/SGL_302j/LIB_ELF/LIBSGL.A(sglC16.o)
 .text          0x0601f4f0        0x0 ../../Compiler/COMMON/SGL_302j/LIB_ELF/LIBSGL.A(sglC17.o)
 .text          0x0601f4f0        0x0 ../../Compiler/COMMON/SGL_302j/LIB_ELF/LIBSGL.A(sglC19.o)
 .text          0x0601f4f0        0x0 ../../Compiler/COMMON/SGL_302j/LIB_ELF/LIBSGL.A(sglC20.o)
 .text          0x0601f4f0        0x0 ../../Compiler/COMMON/SGL_302j/LIB_ELF/LIBSGL.A(sglC21.o)
 .text          0x0601f4f0        0x0 ../../Compiler/COMMON/SGL_302j/LIB_ELF/LIBSGL.A(sglD00.o)
 .text          0x0601f4f0        0x0 ../../Compiler/COMMON/SGL_302j/LIB_ELF/LIBSGL.A(sglD01.o)
 .text          0x0601f4f0        0x0 ../../Compiler/COMMON/SGL_302j/LIB_ELF/LIBSGL.A(sglD02.o)
 .text          0x0601f4f0        0x0 ../../Compiler/COMMON/SGL_302j/LIB_ELF/LIBSGL.A(sglD03.o)
 .text          0x0601f4f0        0x0 ../../Compiler/COMMON/SGL_302j/LIB_ELF/LIBSGL.A(sglD15.o)
 .text          0x0601f4f0        0x0 ../../Compiler/COMMON/SGL_302j/LIB_ELF/LIBSGL.A(sglD16.o)
 .text          0x0601f4f0        0x0 ../../Compiler/COMMON/SGL_302j/LIB_ELF/LIBSGL.A(sglD17.o)
 .text          0x0601f4f0        0x0 ../../Compiler/COMMON/SGL_302j/LIB_ELF/LIBSGL.A(sglD18.o)
 .text          0x0601f4f0        0x0 ../../Compiler/COMMON/SGL_302j/LIB_ELF/LIBSGL.A(sglF08.o)
 .text          0x0601f4f0        0x0 ../../Compiler/COMMON/SGL_302j/LIB_ELF/LIBSGL.A(sglH00.o)
 .text          0x0601f4f0        0x0 ../../Compiler/COMMON/SGL_302j/LIB_ELF/LIBSGL.A(sglH01.o)
 .text          0x0601f4f0        0x0 ../../Compiler/COMMON/SGL_302j/LIB_ELF/LIBSGL.A(sglH02.o)
 .text          0x0601f4f0        0x0 ../../Compiler/COMMON/SGL_302j/LIB_ELF/LIBSGL.A(sglH04.o)
 .text          0x0601f4f0        0x0 ../../Compiler/COMMON/SGL_302j/LIB_ELF/LIBSGL.A(sglI01.o)
 .text          0x0601f4f0        0x0 ../../Compiler/COMMON/SGL_302j/LIB_ELF/LIBSGL.A(sglI04.o)
 .text          0x0601f4f0      0x128 ../../Compiler/COMMON/SGL_302j/LIB_ELF/LIBSGL.A(sglIc0.o)
                0x0601f4f0                slInitSystem
 *fill*         0x0601f618        0x8 
 .text          0x0601f620        0x0 ../../Compiler/COMMON/SGL_302j/LIB_ELF/LIBSGL.A(sglJ00.o)
 .text          0x0601f620        0x0 ../../Compiler/COMMON/SGL_302j/LIB_ELF/LIBSGL.A(sglJ01.o)
 .text          0x0601f620        0x0 ../../Compiler/COMMON/SGL_302j/LIB_ELF/LIBSGL.A(sglJ02.o)
 .text          0x0601f620        0x0 ../../Compiler/COMMON/SGL_302j/LIB_ELF/LIBSGL.A(sglJ03.o)
 .text          0x0601f620        0x0 ../../Compiler/COMMON/SGL_302j/LIB_ELF/LIBSGL.A(sglJ04.o)
 .text          0x0601f620        0x0 ../../Compiler/COMMON/SGL_302j/LIB_ELF/LIBSGL.A(sglJ05.o)
 .text          0x0601f620        0x0 ../../Compiler/COMMON/SGL_302j/LIB_ELF/LIBSGL.A(sglK01.o)
 .text          0x0601f620        0x0 ../../Compiler/COMMON/SGL_302j/LIB_ELF/LIBSGL.A(sglM00.o)
 .text          0x0601f620        0x0 ../../Compiler/COMMON/SGL_302j/LIB_ELF/LIBSGL.A(sglM01.o)
 .text          0x0601f620        0x0 ../../Compiler/COMMON/SGL_302j/LIB_ELF/LIBSGL.A(sglA00.o)
 .text          0x0601f620        0x0 ../../Compiler/COMMON/SGL_302j/LIB_ELF/LIBSGL.A(sglA03.o)
 .text          0x0601f620        0x0 ../../Compiler/COMMON/SGL_302j/LIB_ELF/LIBSGL.A(sglA10.o)
 .text          0x0601f620        0x0 ../../Compiler/COMMON/SGL_302j/LIB_ELF/LIBSGL.A(sglA24.o)
 .text          0x0601f620        0x0 ../../Compiler/COMMON/SGL_302j/LIB_ELF/LIBSGL.A(sglA25.o)
 .text          0x0601f620        0x0 ../../Compiler/COMMON/SGL_302j/LIB_ELF/LIBSGL.A(sglB000.o)
 .text          0x0601f620        0x0 ../../Compiler/COMMON/SGL_302j/LIB_ELF/LIBSGL.A(sglC00.o)
 .text          0x0601f620        0x0 ../../Compiler/COMMON/SGL_302j/LIB_ELF/LIBSGL.A(sglC13.o)
 .text          0x0601f620        0x0 ../../Compiler/COMMON/SGL_302j/LIB_ELF/LIBSGL.A(sglD19.o)
 .text          0x0601f620        0x0 ../../Compiler/COMMON/SGL_302j/LIB_ELF/LIBSGL.A(sglI00.o)
 .text          0x0601f620        0x0 ../../Compiler/COMMON/SGL_302j/LIB_ELF/LIBSGL.A(sglH03.o)
 .text          0x0601f620       0x52 c:/users/jason/desktop/saturn game project/joengine-master/compiler/windows/bin/../lib/gcc/sh-elf/9.3.0\libgcc.a(_ashiftrt.o)
                0x0601f620                __ashiftrt_r4_31
                0x0601f620                __ashiftrt_r4_32
                0x0601f626                __ashiftrt_r4_30
                0x0601f628                __ashiftrt_r4_29
                0x0601f62a                __ashiftrt_r4_28
                0x0601f62c                __ashiftrt_r4_27
                0x0601f62e                __ashiftrt_r4_26
                0x0601f630                __ashiftrt_r4_25
                0x0601f632                __ashiftrt_r4_24
                0x0601f63a                __ashiftrt_r4_23
                0x0601f63c                __ashiftrt_r4_22
                0x0601f63e                __ashiftrt_r4_21
                0x0601f640                __ashiftrt_r4_20
                0x0601f642                __ashiftrt_r4_19
                0x0601f644                __ashiftrt_r4_18
                0x0601f646                __ashiftrt_r4_17
                0x0601f648                __ashiftrt_r4_16
                0x0601f64e                __ashiftrt_r4_15
                0x0601f650                __ashiftrt_r4_14
                0x0601f652                __ashiftrt_r4_13
                0x0601f654                __ashiftrt_r4_12
                0x0601f656                __ashiftrt_r4_11
                0x0601f658                __ashiftrt_r4_10
                0x0601f65a                __ashiftrt_r4_9
                0x0601f65c                __ashiftrt_r4_8
                0x0601f65e                __ashiftrt_r4_7
                0x0601f660                __ashiftrt_r4_6
                0x0601f662                __ashiftrt_r4_5
                0x0601f664                __ashiftrt_r4_4
                0x0601f666                __ashiftrt_r4_3
                0x0601f668                __ashiftrt_r4_2
                0x0601f66a                __ashiftrt_r4_1
                0x0601f66e                __ashiftrt_r4_0
 *fill*         0x0601f672        0x2 
 .text          0x0601f674       0x80 c:/users/jason/desktop/saturn game project/joengine-master/compiler/windows/bin/../lib/gcc/sh-elf/9.3.0\libgcc.a(_ashiftrt_n.o)
                0x0601f674                __ashrsi3
 .text          0x0601f6f4       0xbc c:/users/jason/desktop/saturn game project/joengine-master/compiler/windows/bin/../lib/gcc/sh-elf/9.3.0\libgcc.a(_ashiftlt.o)
                0x0601f6f4                __ashlsi3
                0x0601f6f8                __ashlsi3_r0
 .text          0x0601f7b0       0xbc c:/users/jason/desktop/saturn game project/joengine-master/compiler/windows/bin/../lib/gcc/sh-elf/9.3.0\libgcc.a(_lshiftrt.o)
                0x0601f7b0                __lshrsi3
                0x0601f7b4                __lshrsi3_r0
 .text          0x0601f86c       0xa0 c:/users/jason/desktop/saturn game project/joengine-master/compiler/windows/bin/../lib/gcc/sh-elf/9.3.0\libgcc.a(_sdivsi3.o)
                0x0601f86c                __sdivsi3
 .text          0x0601f90c       0x6c c:/users/jason/desktop/saturn game project/joengine-master/compiler/windows/bin/../lib/gcc/sh-elf/9.3.0\libgcc.a(_udivsi3.o)
                0x0601f92e                __udivsi3
 .text          0x0601f978      0x21c c:/users/jason/desktop/saturn game project/joengine-master/compiler/windows/bin/../lib/gcc/sh-elf/9.3.0\libgcc.a(_addsub_sf.o)
                0x0601faf8                __addsf3
                0x0601fb44                __subsf3
 .text          0x0601fb94      0x134 c:/users/jason/desktop/saturn game project/joengine-master/compiler/windows/bin/../lib/gcc/sh-elf/9.3.0\libgcc.a(_mul_sf.o)
                0x0601fb94                __mulsf3
 .text          0x0601fcc8       0xdc c:/users/jason/desktop/saturn game project/joengine-master/compiler/windows/bin/../lib/gcc/sh-elf/9.3.0\libgcc.a(_div_sf.o)
                0x0601fcc8                __divsf3
 .text          0x0601fda4       0x54 c:/users/jason/desktop/saturn game project/joengine-master/compiler/windows/bin/../lib/gcc/sh-elf/9.3.0\libgcc.a(_eq_sf.o)
                0x0601fda4                __eqsf2
 .text          0x0601fdf8       0x54 c:/users/jason/desktop/saturn game project/joengine-master/compiler/windows/bin/../lib/gcc/sh-elf/9.3.0\libgcc.a(_ne_sf.o)
                0x0601fdf8                __nesf2
 .text          0x0601fe4c       0x54 c:/users/jason/desktop/saturn game project/joengine-master/compiler/windows/bin/../lib/gcc/sh-elf/9.3.0\libgcc.a(_gt_sf.o)
                0x0601fe4c                __gtsf2
 .text          0x0601fea0       0x54 c:/users/jason/desktop/saturn game project/joengine-master/compiler/windows/bin/../lib/gcc/sh-elf/9.3.0\libgcc.a(_ge_sf.o)
                0x0601fea0                __gesf2
 .text          0x0601fef4       0x54 c:/users/jason/desktop/saturn game project/joengine-master/compiler/windows/bin/../lib/gcc/sh-elf/9.3.0\libgcc.a(_lt_sf.o)
                0x0601fef4                __ltsf2
 .text          0x0601ff48       0x54 c:/users/jason/desktop/saturn game project/joengine-master/compiler/windows/bin/../lib/gcc/sh-elf/9.3.0\libgcc.a(_le_sf.o)
                0x0601ff48                __lesf2
 .text          0x0601ff9c       0x84 c:/users/jason/desktop/saturn game project/joengine-master/compiler/windows/bin/../lib/gcc/sh-elf/9.3.0\libgcc.a(_si_to_sf.o)
                0x0601ff9c                __floatsisf
 .text          0x06020020       0x70 c:/users/jason/desktop/saturn game project/joengine-master/compiler/windows/bin/../lib/gcc/sh-elf/9.3.0\libgcc.a(_sf_to_si.o)
                0x06020020                __fixsfsi
 .text          0x06020090       0x3c c:/users/jason/desktop/saturn game project/joengine-master/compiler/windows/bin/../lib/gcc/sh-elf/9.3.0\libgcc.a(_sf_to_df.o)
                0x06020090                __extendsfdf2
 .text          0x060200cc        0x0 c:/users/jason/desktop/saturn game project/joengine-master/compiler/windows/bin/../lib/gcc/sh-elf/9.3.0\libgcc.a(_thenan_sf.o)
 .text          0x060200cc       0x94 c:/users/jason/desktop/saturn game project/joengine-master/compiler/windows/bin/../lib/gcc/sh-elf/9.3.0\libgcc.a(_usi_to_sf.o)
                0x060200cc                __floatunsisf
 .text          0x06020160      0x3e0 c:/users/jason/desktop/saturn game project/joengine-master/compiler/windows/bin/../lib/gcc/sh-elf/9.3.0\libgcc.a(_addsub_df.o)
                0x0602049c                __adddf3
                0x060204ec                __subdf3
 .text          0x06020540      0x208 c:/users/jason/desktop/saturn game project/joengine-master/compiler/windows/bin/../lib/gcc/sh-elf/9.3.0\libgcc.a(_mul_df.o)
                0x06020540                __muldf3
 .text          0x06020748       0xa8 c:/users/jason/desktop/saturn game project/joengine-master/compiler/windows/bin/../lib/gcc/sh-elf/9.3.0\libgcc.a(_si_to_df.o)
                0x06020748                __floatsidf
 .text          0x060207f0       0xa0 c:/users/jason/desktop/saturn game project/joengine-master/compiler/windows/bin/../lib/gcc/sh-elf/9.3.0\libgcc.a(_df_to_si.o)
                0x060207f0                __fixdfsi
 .text          0x06020890       0x28 c:/users/jason/desktop/saturn game project/joengine-master/compiler/windows/bin/../lib/gcc/sh-elf/9.3.0\libgcc.a(_make_df.o)
                0x06020890                __make_dp
 .text          0x060208b8       0x4c c:/users/jason/desktop/saturn game project/joengine-master/compiler/windows/bin/../lib/gcc/sh-elf/9.3.0\libgcc.a(_df_to_sf.o)
                0x060208b8                __truncdfsf2
 .text          0x06020904        0x0 c:/users/jason/desktop/saturn game project/joengine-master/compiler/windows/bin/../lib/gcc/sh-elf/9.3.0\libgcc.a(_thenan_df.o)
 .text          0x06020904       0x54 c:/users/jason/desktop/saturn game project/joengine-master/compiler/windows/bin/../lib/gcc/sh-elf/9.3.0\libgcc.a(_clzsi2.o)
                0x06020904                __clzsi2
 .text          0x06020958      0x11c c:/users/jason/desktop/saturn game project/joengine-master/compiler/windows/bin/../lib/gcc/sh-elf/9.3.0\libgcc.a(_pack_sf.o)
                0x06020958                __pack_f
 .text          0x06020a74       0xa0 c:/users/jason/desktop/saturn game project/joengine-master/compiler/windows/bin/../lib/gcc/sh-elf/9.3.0\libgcc.a(_unpack_sf.o)
                0x06020a74                __unpack_f
 .text          0x06020b14       0xac c:/users/jason/desktop/saturn game project/joengine-master/compiler/windows/bin/../lib/gcc/sh-elf/9.3.0\libgcc.a(_fpcmp_parts_sf.o)
                0x06020b14                __fpcmp_parts_f
 .text          0x06020bc0       0x20 c:/users/jason/desktop/saturn game project/joengine-master/compiler/windows/bin/../lib/gcc/sh-elf/9.3.0\libgcc.a(_make_sf.o)
                0x06020bc0                __make_fp
 .text          0x06020be0      0x274 c:/users/jason/desktop/saturn game project/joengine-master/compiler/windows/bin/../lib/gcc/sh-elf/9.3.0\libgcc.a(_pack_df.o)
                0x06020be0                __pack_d
 .text          0x06020e54       0xcc c:/users/jason/desktop/saturn game project/joengine-master/compiler/windows/bin/../lib/gcc/sh-elf/9.3.0\libgcc.a(_unpack_df.o)
                0x06020e54                __unpack_d
 .text          0x06020f20        0x0 c:/users/jason/desktop/saturn game project/joengine-master/compiler/windows/bin/../lib/gcc/sh-elf/9.3.0\libgcc.a(_clz.o)
 .text          0x06020f20       0x1e c:/users/jason/desktop/saturn game project/joengine-master/compiler/windows/bin/../lib/gcc/sh-elf/9.3.0/../../../../sh-elf/lib\libc.a(lib_a-memcmp.o)
                0x06020f20                memcmp
 *fill*         0x06020f3e        0x2 
 .text          0x06020f40       0x94 c:/users/jason/desktop/saturn game project/joengine-master/compiler/windows/bin/../lib/gcc/sh-elf/9.3.0/../../../../sh-elf/lib\libc.a(lib_a-memcpy.o)
                0x06020f40                memcpy
 .text          0x06020fd4       0x40 c:/users/jason/desktop/saturn game project/joengine-master/compiler/windows/bin/../lib/gcc/sh-elf/9.3.0/../../../../sh-elf/lib\libc.a(lib_a-memset.o)
                0x06020fd4                memset
 .text          0x06021014       0x8c c:/users/jason/desktop/saturn game project/joengine-master/compiler/windows/bin/../lib/gcc/sh-elf/9.3.0/../../../../sh-elf/lib\libc.a(lib_a-sprintf.o)
                0x06021014                _siprintf_r
                0x06021014                _sprintf_r
                0x06021054                siprintf
                0x06021054                sprintf
 .text          0x060210a0       0x2a c:/users/jason/desktop/saturn game project/joengine-master/compiler/windows/bin/../lib/gcc/sh-elf/9.3.0/../../../../sh-elf/lib\libc.a(lib_a-strncmp.o)
                0x060210a0                strncmp
 .text          0x060210ca       0x36 c:/users/jason/desktop/saturn game project/joengine-master/compiler/windows/bin/../lib/gcc/sh-elf/9.3.0/../../../../sh-elf/lib\libc.a(lib_a-strncpy.o)
                0x060210ca                strncpy
 .text          0x06021100        0x0 c:/users/jason/desktop/saturn game project/joengine-master/compiler/windows/bin/../lib/gcc/sh-elf/9.3.0/../../../../sh-elf/lib\libc.a(lib_a-impure.o)
 .text          0x06021100      0x444 c:/users/jason/desktop/saturn game project/joengine-master/compiler/windows/bin/../lib/gcc/sh-elf/9.3.0/../../../../sh-elf/lib\libc.a(lib_a-nano-svfprintf.o)
                0x06021100                __ssputs_r
                0x060211f4                __ssprint_r
                0x06021328                _svfprintf_r
                0x06021328                _svfiprintf_r
 .text          0x06021544      0x380 c:/users/jason/desktop/saturn game project/joengine-master/compiler/windows/bin/../lib/gcc/sh-elf/9.3.0/../../../../sh-elf/lib\libc.a(lib_a-nano-vfprintf_i.o)
                0x06021544                _printf_common
                0x06021644                _printf_i
 .text          0x060218c4       0x1c c:/users/jason/desktop/saturn game project/joengine-master/compiler/windows/bin/../lib/gcc/sh-elf/9.3.0/../../../../sh-elf/lib\libc.a(lib_a-memchr.o)
                0x060218c4                memchr
 .text          0x060218e0       0x3c c:/users/jason/desktop/saturn game project/joengine-master/compiler/windows/bin/../lib/gcc/sh-elf/9.3.0/../../../../sh-elf/lib\libc.a(lib_a-memmove.o)
                0x060218e0                memmove
 .text          0x0602191c       0xd0 c:/users/jason/desktop/saturn game project/joengine-master/compiler/windows/bin/../lib/gcc/sh-elf/9.3.0/../../../../sh-elf/lib\libc.a(lib_a-nano-freer.o)
                0x0602191c                _free_r
 .text          0x060219ec       0xf8 c:/users/jason/desktop/saturn game project/joengine-master/compiler/windows/bin/../lib/gcc/sh-elf/9.3.0/../../../../sh-elf/lib\libc.a(lib_a-nano-mallocr.o)
                0x060219ec                _malloc_r
 .text          0x06021ae4       0x7c c:/users/jason/desktop/saturn game project/joengine-master/compiler/windows/bin/../lib/gcc/sh-elf/9.3.0/../../../../sh-elf/lib\libc.a(lib_a-nano-reallocr.o)
                0x06021ae4                _realloc_r
 .text          0x06021b60       0x30 c:/users/jason/desktop/saturn game project/joengine-master/compiler/windows/bin/../lib/gcc/sh-elf/9.3.0/../../../../sh-elf/lib\libc.a(lib_a-sbrkr.o)
                0x06021b60                _sbrk_r
 .text          0x06021b90      0x25c c:/users/jason/desktop/saturn game project/joengine-master/compiler/windows/bin/../lib/gcc/sh-elf/9.3.0/../../../../sh-elf/lib\libc.a(lib_a-syscalls.o)
                0x06021c08                _read
                0x06021c18                _lseek
                0x06021c28                _write
                0x06021c38                _close
                0x06021c48                _link
                0x06021c4c                _sbrk
                0x06021ca4                _fstat
                0x06021cae                _open
                0x06021cc0                _creat
                0x06021cd0                _unlink
                0x06021cd4                isatty
                0x06021cd8                _isatty
                0x06021cdc                _exit
                0x06021cec                _kill
                0x06021d00                _getpid
                0x06021d04                _raise
                0x06021d08                _stat
                0x06021d18                _chmod
                0x06021d28                _chown
                0x06021d38                _utime
                0x06021d4c                _fork
                0x06021d58                _wait
                0x06021d68                _execve
                0x06021d78                _execv
                0x06021d88                _pipe
                0x06021d94                _times
                0x06021d98                _gettimeofday
                0x06021dc0                __setup_argv_and_call_main
 .text          0x06021dec       0x14 c:/users/jason/desktop/saturn game project/joengine-master/compiler/windows/bin/../lib/gcc/sh-elf/9.3.0/../../../../sh-elf/lib\libc.a(lib_a-trap.o)
                0x06021dec                __trap34
 .text          0x06021e00       0x18 c:/users/jason/desktop/saturn game project/joengine-master/compiler/windows/bin/../lib/gcc/sh-elf/9.3.0/../../../../sh-elf/lib\libc.a(lib_a-abort.o)
                0x06021e00                abort
 .text          0x06021e18        0x8 c:/users/jason/desktop/saturn game project/joengine-master/compiler/windows/bin/../lib/gcc/sh-elf/9.3.0/../../../../sh-elf/lib\libc.a(lib_a-mlock.o)
                0x06021e18                __malloc_lock
                0x06021e1c                __malloc_unlock
 .text          0x06021e20       0x16 c:/users/jason/desktop/saturn game project/joengine-master/compiler/windows/bin/../lib/gcc/sh-elf/9.3.0/../../../../sh-elf/lib\libc.a(lib_a-nano-msizer.o)
                0x06021e20                _malloc_usable_size_r
 *fill*         0x06021e36        0x2 
 .text          0x06021e38      0x1b4 c:/users/jason/desktop/saturn game project/joengine-master/compiler/windows/bin/../lib/gcc/sh-elf/9.3.0/../../../../sh-elf/lib\libc.a(lib_a-signal.o)
                0x06021e38                _init_signal_r
                0x06021e78                _signal_r
                0x06021ec4                _raise_r
                0x06021f3c                __sigtramp_r
                0x06021fa0                raise
                0x06021fb4                signal
                0x06021fc8                _init_signal
                0x06021fd8                __sigtramp
 .text          0x06021fec       0x40 c:/users/jason/desktop/saturn game project/joengine-master/compiler/windows/bin/../lib/gcc/sh-elf/9.3.0/../../../../sh-elf/lib\libc.a(lib_a-signalr.o)
                0x06021fec                _kill_r
                0x06022020                _getpid_r
 *(.strings)
 *(SEGA_P)
 *(.eh_frame_hdr)
 *(.eh_frame)
                0x0602202c                __etext = .

.text.startup   0x06022030       0x40
 .text.startup  0x06022030       0x40 ../../jo_engine/core.o
                0x06022030                main

SLPROG          0x06022080    0x158a0
                0x06022080                __slprog_start = .
 *(SLPROG)
 SLPROG         0x06022080     0x6540 ../../Compiler/COMMON/SGL_302j/LIB_ELF/SGLAREA.O
                0x06022080                MasterStack
                0x06022084                SlaveStack
                0x06022088                MaxVertices
                0x0602208a                MaxPolygons
                0x0602208c                SortList
                0x06022090                SortListSize
                0x06022094                TransList
                0x06022098                Zbuffer
                0x0602209c                SpriteBuf
                0x060220a0                SpriteBufSize
                0x060220a4                Pbuffer
                0x060220a8                CommandBuf
                0x060220ac                CLOfstBuf
                0x060220b0                PCM_Work
                0x060220b4                PCM_WkSize
                0x060220b8                MaxEvents
                0x060220ba                EventSize
                0x060220bc                MaxWorks
                0x060220be                WorkSize
                0x060220c0                RemainEvent
                0x060221c0                RemainWork
                0x060225c0                EventBuf
                0x060245c0                WorkBuf
 SLPROG         0x060285c0     0x411e ../../Compiler/COMMON/SGL_302j/LIB_ELF/LIBSGL.A(sglA01.o)
                0x060285c0                slSin
                0x060285e4                slCos
                0x06028608                GetSinCos
                0x0602869c                sin_cos_index_tbl
                0x060286dc                sin_tbl
 *fill*         0x0602c6de        0x2 
 SLPROG         0x0602c6e0       0x18 ../../Compiler/COMMON/SGL_302j/LIB_ELF/LIBSGL.A(sglA15.o)
                0x0602c6e0                slSlaveFunc
 *fill*         0x0602c6f8        0x8 
 SLPROG         0x0602c700       0xd0 ../../Compiler/COMMON/SGL_302j/LIB_ELF/LIBSGL.A(sglA16.o)
                0x0602c700                slLookAt
 SLPROG         0x0602c7d0       0x78 ../../Compiler/COMMON/SGL_302j/LIB_ELF/LIBSGL.A(sglA17.o)
                0x0602c7d0                slRotZ
                0x0602c7da                slRotZSC
 *fill*         0x0602c848        0x8 
 SLPROG         0x0602c850       0x78 ../../Compiler/COMMON/SGL_302j/LIB_ELF/LIBSGL.A(sglA18.o)
                0x0602c850                slRotY
                0x0602c85a                slRotYSC
 *fill*         0x0602c8c8        0x8 
 SLPROG         0x0602c8d0       0x78 ../../Compiler/COMMON/SGL_302j/LIB_ELF/LIBSGL.A(sglA19.o)
                0x0602c8d0                slRotX
                0x0602c8da                slRotXSC
 *fill*         0x0602c948        0x8 
 SLPROG         0x0602c950      0x42c ../../Compiler/COMMON/SGL_302j/LIB_ELF/LIBSGL.A(sglA20.o)
                0x0602c950                slInitMatrix
                0x0602c95a                slPushUnitMatrix
                0x0602c96e                slUnitMatrix
 *fill*         0x0602cd7c        0x4 
 SLPROG         0x0602cd80       0x48 ../../Compiler/COMMON/SGL_302j/LIB_ELF/LIBSGL.A(sglA21.o)
                0x0602cd80                slPushMatrix
                0x0602cdb4                slDecMatrixPtr
                0x0602cdb4                slPopMatrix
 *fill*         0x0602cdc8        0x8 
 SLPROG         0x0602cdd0       0x50 ../../Compiler/COMMON/SGL_302j/LIB_ELF/LIBSGL.A(sglA27.o)
                0x0602cdd0                slTranslate
 SLPROG         0x0602ce20       0x70 ../../Compiler/COMMON/SGL_302j/LIB_ELF/LIBSGL.A(sglA28.o)
                0x0602ce20                slScale
 SLPROG         0x0602ce90       0x22 ../../Compiler/COMMON/SGL_302j/LIB_ELF/LIBSGL.A(sglA40.o)
                0x0602ce90                slCalcVector
 *fill*         0x0602ceb2        0xe 
 SLPROG         0x0602cec0       0x20 ../../Compiler/COMMON/SGL_302j/LIB_ELF/LIBSGL.A(sglB001.o)
                0x0602cec0                slTVOn
                0x0602ceca                slTVOff
 SLPROG         0x0602cee0       0x24 ../../Compiler/COMMON/SGL_302j/LIB_ELF/LIBSGL.A(sglB011.o)
                0x0602cee0                slBitMapNbg1
 *fill*         0x0602cf04        0xc 
 SLPROG         0x0602cf10        0x8 ../../Compiler/COMMON/SGL_302j/LIB_ELF/LIBSGL.A(sglB014.o)
                0x0602cf10                slScrTransparent
 *fill*         0x0602cf18        0x8 
 SLPROG         0x0602cf20      0x40c ../../Compiler/COMMON/SGL_302j/LIB_ELF/LIBSGL.A(sglB015.o)
                0x0602cf20                slScrAutoDisp
 *fill*         0x0602d32c        0x4 
 SLPROG         0x0602d330        0xc ../../Compiler/COMMON/SGL_302j/LIB_ELF/LIBSGL.A(sglB016.o)
                0x0602d330                slBack1ColSet
 *fill*         0x0602d33c        0x4 
 SLPROG         0x0602d340       0x10 ../../Compiler/COMMON/SGL_302j/LIB_ELF/LIBSGL.A(sglB020.o)
                0x0602d340                slColorCalc
 SLPROG         0x0602d350        0xc ../../Compiler/COMMON/SGL_302j/LIB_ELF/LIBSGL.A(sglB021.o)
                0x0602d350                slColorCalcOn
 *fill*         0x0602d35c        0x4 
 SLPROG         0x0602d360        0xc ../../Compiler/COMMON/SGL_302j/LIB_ELF/LIBSGL.A(sglB023.o)
                0x0602d360                slColRate
 *fill*         0x0602d36c        0x4 
 SLPROG         0x0602d370       0xb0 ../../Compiler/COMMON/SGL_302j/LIB_ELF/LIBSGL.A(sglB031.o)
                0x0602d370                slMapNbg0
 SLPROG         0x0602d420       0xb4 ../../Compiler/COMMON/SGL_302j/LIB_ELF/LIBSGL.A(sglB032.o)
                0x0602d420                slMapNbg1
 *fill*         0x0602d4d4        0xc 
 SLPROG         0x0602d4e0       0xb0 ../../Compiler/COMMON/SGL_302j/LIB_ELF/LIBSGL.A(sglB033.o)
                0x0602d4e0                slMapNbg2
 SLPROG         0x0602d590       0xb4 ../../Compiler/COMMON/SGL_302j/LIB_ELF/LIBSGL.A(sglB034.o)
                0x0602d590                slMapNbg3
 *fill*         0x0602d644        0xc 
 SLPROG         0x0602d650       0xd4 ../../Compiler/COMMON/SGL_302j/LIB_ELF/LIBSGL.A(sglB035.o)
                0x0602d650                sl1MapRA
                0x0602d6e2                rbank_set
 *fill*         0x0602d724        0xc 
 SLPROG         0x0602d730       0xa0 ../../Compiler/COMMON/SGL_302j/LIB_ELF/LIBSGL.A(sglB036.o)
                0x0602d730                sl1MapRB
 SLPROG         0x0602d7d0       0x70 ../../Compiler/COMMON/SGL_302j/LIB_ELF/LIBSGL.A(sglB038.o)
                0x0602d7d0                slRparaInitSet
 SLPROG         0x0602d840       0x7e ../../Compiler/COMMON/SGL_302j/LIB_ELF/LIBSGL.A(sglB039.o)
                0x0602d840                slMakeKtable
 *fill*         0x0602d8be        0x2 
 SLPROG         0x0602d8c0       0x58 ../../Compiler/COMMON/SGL_302j/LIB_ELF/LIBSGL.A(sglB040.o)
                0x0602d8c0                slKtableRA
 *fill*         0x0602d918        0x8 
 SLPROG         0x0602d920       0x5c ../../Compiler/COMMON/SGL_302j/LIB_ELF/LIBSGL.A(sglB041.o)
                0x0602d920                slKtableRB
 *fill*         0x0602d97c        0x4 
 SLPROG         0x0602d980       0x10 ../../Compiler/COMMON/SGL_302j/LIB_ELF/LIBSGL.A(sglB042.o)
                0x0602d980                slCurRpara
 SLPROG         0x0602d990        0x8 ../../Compiler/COMMON/SGL_302j/LIB_ELF/LIBSGL.A(sglB043.o)
                0x0602d990                slRparaMode
 *fill*         0x0602d998        0x8 
 SLPROG         0x0602d9a0      0x4e4 ../../Compiler/COMMON/SGL_302j/LIB_ELF/LIBSGL.A(sglB044.o)
                0x0602d9a0                slScrMatSet
 *fill*         0x0602de84        0xc 
 SLPROG         0x0602de90       0x28 ../../Compiler/COMMON/SGL_302j/LIB_ELF/LIBSGL.A(sglB045.o)
                0x0602de90                slScrMatConv
 *fill*         0x0602deb8        0x8 
 SLPROG         0x0602dec0        0xc ../../Compiler/COMMON/SGL_302j/LIB_ELF/LIBSGL.A(sglB047.o)
                0x0602dec0                slOverRA
 *fill*         0x0602decc        0x4 
 SLPROG         0x0602ded0       0x10 ../../Compiler/COMMON/SGL_302j/LIB_ELF/LIBSGL.A(sglB048.o)
                0x0602ded0                slOverRB
 SLPROG         0x0602dee0        0xc ../../Compiler/COMMON/SGL_302j/LIB_ELF/LIBSGL.A(sglB055.o)
                0x0602dee0                slPlaneNbg0
 *fill*         0x0602deec        0x4 
 SLPROG         0x0602def0        0xc ../../Compiler/COMMON/SGL_302j/LIB_ELF/LIBSGL.A(sglB056.o)
                0x0602def0                slPlaneNbg1
 *fill*         0x0602defc        0x4 
 SLPROG         0x0602df00       0x10 ../../Compiler/COMMON/SGL_302j/LIB_ELF/LIBSGL.A(sglB057.o)
                0x0602df00                slPlaneNbg2
 SLPROG         0x0602df10       0x10 ../../Compiler/COMMON/SGL_302j/LIB_ELF/LIBSGL.A(sglB058.o)
                0x0602df10                slPlaneNbg3
 SLPROG         0x0602df20        0xc ../../Compiler/COMMON/SGL_302j/LIB_ELF/LIBSGL.A(sglB059.o)
                0x0602df20                slPlaneRA
 *fill*         0x0602df2c        0x4 
 SLPROG         0x0602df30       0x10 ../../Compiler/COMMON/SGL_302j/LIB_ELF/LIBSGL.A(sglB060.o)
                0x0602df30                slPlaneRB
 SLPROG         0x0602df40        0xc ../../Compiler/COMMON/SGL_302j/LIB_ELF/LIBSGL.A(sglB063.o)
                0x0602df40                slPriority
 *fill*         0x0602df4c        0x4 
 SLPROG         0x0602df50       0x18 ../../Compiler/COMMON/SGL_302j/LIB_ELF/LIBSGL.A(sglB087.o)
                0x0602df50                slLineScrollTable0
 *fill*         0x0602df68        0x8 
 SLPROG         0x0602df70        0x8 ../../Compiler/COMMON/SGL_302j/LIB_ELF/LIBSGL.A(sglB088.o)
                0x0602df70                slLineScrollTable1
 *fill*         0x0602df78        0x8 
 SLPROG         0x0602df80        0xc ../../Compiler/COMMON/SGL_302j/LIB_ELF/LIBSGL.A(sglB090.o)
                0x0602df80                slLineScrollMode
 *fill*         0x0602df8c        0x4 
 SLPROG         0x0602df90      0x114 ../../Compiler/COMMON/SGL_302j/LIB_ELF/LIBSGL.A(sglB200.o)
                0x0602df90                slCharRbg0
                0x0602df9c                slCharNbg0
                0x0602dfa8                slCharNbg1
                0x0602dfb4                slCharNbg2
                0x0602dfca                slCharNbg3
                0x0602dfe2                slPageRbg0
                0x0602dff8                slPageNbg1
                0x0602e000                slPageNbg2
                0x0602e008                slPageNbg3
                0x0602e014                slPageNbg0
 *fill*         0x0602e0a4        0xc 
 SLPROG         0x0602e0b0       0x6c ../../Compiler/COMMON/SGL_302j/LIB_ELF/LIBSGL.A(sglC01.o)
                0x0602e0b0                slPerspective
 *fill*         0x0602e11c        0x4 
 SLPROG         0x0602e120       0xc4 ../../Compiler/COMMON/SGL_302j/LIB_ELF/LIBSGL.A(sglC03.o)
                0x0602e120                slWindow
 *fill*         0x0602e1e4        0xc 
 SLPROG         0x0602e1f0       0x2c ../../Compiler/COMMON/SGL_302j/LIB_ELF/LIBSGL.A(sglC04.o)
                0x0602e1f0                slZdspLevel
 *fill*         0x0602e21c        0x4 
 SLPROG         0x0602e220       0x78 ../../Compiler/COMMON/SGL_302j/LIB_ELF/LIBSGL.A(sglC05.o)
                0x0602e220                slSetSprite
 *fill*         0x0602e298        0x8 
 SLPROG         0x0602e2a0       0xfa ../../Compiler/COMMON/SGL_302j/LIB_ELF/LIBSGL.A(sglC06.o)
                0x0602e2a0                slDispSprite
 *fill*         0x0602e39a        0x6 
 SLPROG         0x0602e3a0      0x162 ../../Compiler/COMMON/SGL_302j/LIB_ELF/LIBSGL.A(sglC07.o)
                0x0602e3a6                slPutSprite
 *fill*         0x0602e502        0xe 
 SLPROG         0x0602e510     0x1218 ../../Compiler/COMMON/SGL_302j/LIB_ELF/LIBSGL.A(sglC08.o)
                0x0602e510                slPutPolygon
                0x0602f18c                MsCalcDepthFlat
 *fill*         0x0602f728        0x8 
 SLPROG         0x0602f730       0x8c ../../Compiler/COMMON/SGL_302j/LIB_ELF/LIBSGL.A(sglC14.o)
                0x0602f730                slCurWindow
 *fill*         0x0602f7bc        0x4 
 SLPROG         0x0602f7c0       0x54 ../../Compiler/COMMON/SGL_302j/LIB_ELF/LIBSGL.A(sglC16.o)
                0x0602f7c0                slDynamicFrame
 *fill*         0x0602f814        0xc 
 SLPROG         0x0602f820       0x4c ../../Compiler/COMMON/SGL_302j/LIB_ELF/LIBSGL.A(sglC17.o)
                0x0602f820                slDispSpriteHV
 *fill*         0x0602f86c        0x4 
 SLPROG         0x0602f870       0xd4 ../../Compiler/COMMON/SGL_302j/LIB_ELF/LIBSGL.A(sglC19.o)
                0x0602f870                slDispSprite4P
 *fill*         0x0602f944        0xc 
 SLPROG         0x0602f950       0x40 ../../Compiler/COMMON/SGL_302j/LIB_ELF/LIBSGL.A(sglC20.o)
                0x0602f950                SpriteEntry
 SLPROG         0x0602f990      0x4ae ../../Compiler/COMMON/SGL_302j/LIB_ELF/LIBSGL.A(sglC21.o)
                0x0602fa18                RotSprite
                0x0602faa6                SetSprPosition
 *fill*         0x0602fe3e        0x2 
 SLPROG         0x0602fe40       0x84 ../../Compiler/COMMON/SGL_302j/LIB_ELF/LIBSGL.A(sglD00.o)
                0x0602fe40                slCpuDMACopy
                0x0602fe40                slDMACopy
                0x0602fe9a                CSH_AllClr
                0x0602fe9a                slCashPurge
 *fill*         0x0602fec4        0xc 
 SLPROG         0x0602fed0       0xa0 ../../Compiler/COMMON/SGL_302j/LIB_ELF/LIBSGL.A(sglD01.o)
                0x0602fed0                slDMAXCopy
 SLPROG         0x0602ff70       0x10 ../../Compiler/COMMON/SGL_302j/LIB_ELF/LIBSGL.A(sglD02.o)
                0x0602ff70                slDMAWait
 SLPROG         0x0602ff80        0xc ../../Compiler/COMMON/SGL_302j/LIB_ELF/LIBSGL.A(sglD03.o)
                0x0602ff80                slDMAStatus
 *fill*         0x0602ff8c        0x4 
 SLPROG         0x0602ff90       0x20 ../../Compiler/COMMON/SGL_302j/LIB_ELF/LIBSGL.A(sglD15.o)
                0x0602ff90                CSH_Purge
 SLPROG         0x0602ffb0       0x84 ../../Compiler/COMMON/SGL_302j/LIB_ELF/LIBSGL.A(sglD16.o)
                0x0602ffb0                DMA_ScuSetPrm
                0x0602fff8                DMA_SCU_PRM0
 *fill*         0x06030034        0xc 
 SLPROG         0x06030040       0x88 ../../Compiler/COMMON/SGL_302j/LIB_ELF/LIBSGL.A(sglD17.o)
                0x06030040                DMA_ScuStart
 *fill*         0x060300c8        0x8 
 SLPROG         0x060300d0       0x34 ../../Compiler/COMMON/SGL_302j/LIB_ELF/LIBSGL.A(sglD18.o)
                0x060300d0                DMA_ScuGetStatus
 *fill*         0x06030104        0xc 
 SLPROG         0x06030110       0x34 ../../Compiler/COMMON/SGL_302j/LIB_ELF/LIBSGL.A(sglF08.o)
                0x06030110                slDec2Hex
 *fill*         0x06030144        0xc 
 SLPROG         0x06030150      0xfc8 ../../Compiler/COMMON/SGL_302j/LIB_ELF/LIBSGL.A(sglH00.o)
                0x06030168                slGetPortDir1
                0x06030170                slGetPortDir2
                0x06030178                slSetPortDir1
                0x060301a2                slSetPortDir2
                0x060301dc                slGetPortData1
                0x060301e4                slGetPortData2
                0x060301ec                slSetPortData1
                0x060301f6                slSetPortData2
                0x06030208                slGetPortSelect1
                0x06030212                slGetPortSelect2
                0x0603021c                slSetPortSelect1
                0x06030250                slSetPortSelect2
                0x0603028c                slGetPortExt1
                0x06030296                slGetPortExt2
                0x060302a0                slSetPortExt1
                0x060302d0                slSetPortExt2
                0x06030444                slSmpcDirectAccess
                0x060304c4                slInitPeripheral
                0x06030556                slSetResultBuffer
                0x060305e2                slCheckIntBackSet
                0x060305ee                slIntBackCancel
                0x06030618                slCheckReset
                0x06030622                slClearReset
                0x060307e8                slSmpcCashSend
                0x060308a4                slSmpcCashBlow
                0x06030980                slGetOptimize
                0x0603098a                slSetOptimize
                0x060309b0                slGetPortMode1
                0x060309bc                slGetPortMode2
                0x060309ca                slSetPortMode1
                0x06030a08                slSetPortMode2
                0x06030b94                slRequestCommand
                0x06030c04                Smpc_Status
                0x06030c08                Smpc_Result
                0x06030c0c                Smpc_Peripheral
                0x06030c12                Per_Connect1
                0x06030c13                Per_Connect2
                0x06030c34                SmpcStatusBuf
 *fill*         0x06031118        0x8 
 SLPROG         0x06031120       0xa8 ../../Compiler/COMMON/SGL_302j/LIB_ELF/LIBSGL.A(sglH01.o)
                0x06031120                slGetLanguage
                0x0603112a                slSetLanguage
                0x0603114c                slGetSoundEffect
                0x06031158                slSetSoundEffect
                0x06031174                slGetSoundOutput
                0x06031180                slSetSoundOutput
                0x0603119c                slGetHelpWindow
                0x060311a8                slSetHelpWindow
 *fill*         0x060311c8        0x8 
 SLPROG         0x060311d0      0x470 ../../Compiler/COMMON/SGL_302j/LIB_ELF/LIBSGL.A(sglH02.o)
                0x060315c0                smpc_pfr_tbl
                0x06031600                smpc_ptf_tbl
 SLPROG         0x06031640       0x60 ../../Compiler/COMMON/SGL_302j/LIB_ELF/LIBSGL.A(sglH04.o)
                0x06031640                slComPrmIntBack
                0x06031654                slComPrmSetMemory
                0x0603166a                slComPrmSetTime
 SLPROG         0x060316a0      0x3a4 ../../Compiler/COMMON/SGL_302j/LIB_ELF/LIBSGL.A(sglI01.o)
                0x060316a0                slInitSynch
                0x060316ba                slSynch
                0x060317b0                slRandom
                0x060317ce                PCM_EndCheck
                0x0603188a                RetPCMBuf
                0x06031924                PCM_Buf
                0x060319c4                Sound_Buf
 *fill*         0x06031a44        0xc 
 SLPROG         0x06031a50       0x10 ../../Compiler/COMMON/SGL_302j/LIB_ELF/LIBSGL.A(sglI04.o)
                0x06031a50                slIntFunction
 SLPROG         0x06031a60       0x74 ../../Compiler/COMMON/SGL_302j/LIB_ELF/LIBSGL.A(sglJ00.o)
                0x06031a60                InitSlaveSH
                0x06031ac8                SlaveCommand
 *fill*         0x06031ad4        0xc 
 SLPROG         0x06031ae0      0x3d0 ../../Compiler/COMMON/SGL_302j/LIB_ELF/LIBSGL.A(sglJ01.o)
                0x06031ae0                SlaveControl
                0x06031e9c                ErasePolygonData
 SLPROG         0x06031eb0     0x12b8 ../../Compiler/COMMON/SGL_302j/LIB_ELF/LIBSGL.A(sglJ02.o)
                0x06031eb0                sbMakePolygon
                0x06032098                sbCalcPolygon
                0x06032dd0                SetTexture
                0x06032ddc                SetPolygon
                0x06032de4                SetPosition
                0x06032e1c                stvtc_4
                0x06032ed4                stvtc_3
                0x060330e4                stvtc_1
                0x060330f8                stvtc_2
                0x0603310c                stvtc_0
 *fill*         0x06033168        0x8 
 SLPROG         0x06033170      0x140 ../../Compiler/COMMON/SGL_302j/LIB_ELF/LIBSGL.A(sglJ03.o)
                0x06033170                sbMakeDMATable
 SLPROG         0x060332b0      0x470 ../../Compiler/COMMON/SGL_302j/LIB_ELF/LIBSGL.A(sglJ04.o)
                0x0603330e                sbMakeSprite
                0x06033374                sbMakeRotSprite
 SLPROG         0x06033720       0x3c ../../Compiler/COMMON/SGL_302j/LIB_ELF/LIBSGL.A(sglJ05.o)
                0x06033720                sbSortEntry
 *fill*         0x0603375c        0x4 
 SLPROG         0x06033760      0x4b8 ../../Compiler/COMMON/SGL_302j/LIB_ELF/LIBSGL.A(sglM00.o)
                0x06033760                slInitGouraud
                0x06033854                slPutPolygonX
                0x0603389a                slGouraudTblCopy
                0x060338f2                slSetGouraudTbl
                0x060338f8                slSetGouraudColor
                0x06033970                slSetAmbient
                0x06033994                slSetFlatColor
 *fill*         0x06033c18        0x8 
 SLPROG         0x06033c20       0x6a ../../Compiler/COMMON/SGL_302j/LIB_ELF/LIBSGL.A(sglM01.o)
                0x06033c20                slSetDepthLimit
                0x06033c4c                slSetDepthTbl
                0x06033c7c                DepthWorkArea
 *fill*         0x06033c8a        0x6 
 SLPROG         0x06033c90       0x20 ../../Compiler/COMMON/SGL_302j/LIB_ELF/LIBSGL.A(sglA00.o)
                0x06033c90                set_imask
                0x06033c90                _builtin_set_imask
                0x06033ca4                _builtin_get_imask
                0x06033ca4                get_imask
 SLPROG         0x06033cb0     0x215c ../../Compiler/COMMON/SGL_302j/LIB_ELF/LIBSGL.A(sglA03.o)
                0x06033cb0                slTan
 *fill*         0x06035e0c        0x4 
 SLPROG         0x06035e10       0x34 ../../Compiler/COMMON/SGL_302j/LIB_ELF/LIBSGL.A(sglA10.o)
                0x06035e10                slSquartDbl
 *fill*         0x06035e44        0xc 
 SLPROG         0x06035e50      0x3c2 ../../Compiler/COMMON/SGL_302j/LIB_ELF/LIBSGL.A(sglA24.o)
                0x06035e50                slInversMatrix
 *fill*         0x06036212        0xe 
 SLPROG         0x06036220       0x24 ../../Compiler/COMMON/SGL_302j/LIB_ELF/LIBSGL.A(sglA25.o)
                0x06036220                slTransposeMatrix
 *fill*         0x06036244        0xc 
 SLPROG         0x06036250      0xbd0 ../../Compiler/COMMON/SGL_302j/LIB_ELF/LIBSGL.A(sglB000.o)
                0x06036250                slInitScroll
                0x06036370                setASC_1to8
                0x060363a0                setASC_4to8
                0x060364b0                TVSizeTbl
                0x06036530                TVModeTbl
                0x06036708                SGL_ASCII_CG
 SLPROG         0x06036e20      0x134 ../../Compiler/COMMON/SGL_302j/LIB_ELF/LIBSGL.A(sglC00.o)
                0x06036e20                slInitSprite
 *fill*         0x06036f54        0xc 
 SLPROG         0x06036f60       0xac ../../Compiler/COMMON/SGL_302j/LIB_ELF/LIBSGL.A(sglC13.o)
                0x06036f60                slPutPolygonS
 *fill*         0x0603700c        0x4 
 SLPROG         0x06037010       0xc0 ../../Compiler/COMMON/SGL_302j/LIB_ELF/LIBSGL.A(sglD19.o)
                0x06037010                DMA_ScuMemCopy
 SLPROG         0x060370d0      0x75c ../../Compiler/COMMON/SGL_302j/LIB_ELF/LIBSGL.A(sglI00.o)
                0x060373c0                slInitInterrupt
 *fill*         0x0603782c        0x4 
 SLPROG         0x06037830       0xf0 ../../Compiler/COMMON/SGL_302j/LIB_ELF/LIBSGL.A(sglH03.o)
                0x06037894                slSmpcIntBack
                0x06037920                __slprog_end = .

.tors           0x06037920        0x0
                0x06037920                ___ctors = .
 *(.ctors)
                0x06037920                ___ctors_end = .
                0x06037920                ___dtors = .
 *(.dtors)
                0x06037920                ___dtors_end = .

.data           0x06037920    0x11820
 *(.data)
 .data          0x06037920        0x0 ../../Compiler/COMMON/SGL_302j/LIB_ELF/SGLAREA.O
 .data          0x06037920    0x11304 main.o
                0x06037920                music_vol
                0x06037921                sfx_volume
                0x06037922                saved_cam_mode
                0x06037923                cam_mode
                0x06037924                object_scale
                0x06037928                gridsize
                0x0603792c                wmax_gravity
                0x06037930                max_gravity
                0x06037935                enableRTG
                0x06037938                player4_img_data
                0x060379bc                player3_img_data
                0x06037a40                player2_img_data
                0x06037ac4                player1_img_data
                0x06037b48                car_img_data
                0x06037b78                RLIGHT
                0x06037b84                RLIGHT_PALETTE
                0x06037ba4                RLIGHT_DATA
                0x06037c24                BOMB
                0x06037c30                BOMB_PALETTE
                0x06037c50                BOMB_DATA
                0x06037cd0                GEM
                0x06037cdc                GEM_PALETTE
                0x06037cfc                GEM_DATA
                0x06037d7c                BOX
                0x06037d88                BOX_PALETTE
                0x06037da8                BOX_DATA
                0x06037e28                FIRE
                0x06037e34                FIRE_PALETTE
                0x06037e54                FIRE_DATA
                0x06037ed4                P4_FBIRD2
                0x06037ee0                P3_FBIRD2
                0x06037eec                P2_FBIRD2
                0x06037ef8                P1_FBIRD2
                0x06037f04                FBIRD2_DATA
                0x06037f84                P4_FBIRD1
                0x06037f90                P3_FBIRD1
                0x06037f9c                P2_FBIRD1
                0x06037fa8                P1_FBIRD1
                0x06037fb4                FBIRD1_DATA
                0x06038034                P4_FIVE
                0x06038040                P3_FIVE
                0x0603804c                P2_FIVE
                0x06038058                P1_FIVE
                0x06038064                FIVE_DATA
                0x060380e4                P4_36
                0x060380f0                P3_36
                0x060380fc                P2_36
                0x06038108                P1_36
                0x06038114                P1_36_DATA
                0x06038118                P4_35
                0x06038124                P3_35
                0x06038130                P2_35
                0x0603813c                P1_35
                0x06038148                P1_35_DATA
                0x0603814c                P4_34
                0x06038158                P3_34
                0x06038164                P2_34
                0x06038170                P1_34
                0x0603817c                P1_34_DATA
                0x06038180                P4_33
                0x0603818c                P3_33
                0x06038198                P2_33
                0x060381a4                P1_33
                0x060381b0                P1_33_DATA
                0x060381b4                P4_32
                0x060381c0                P3_32
                0x060381cc                P2_32
                0x060381d8                P1_32
                0x060381e4                P1_32_DATA
                0x060381e8                GUN2
                0x060381f4                GUN2_DATA
                0x06038274                GUN1
                0x06038280                GUN1_DATA
                0x06038300                CLOUD
                0x0603830c                CLOUD_PALETTE
                0x0603832c                CLOUD_DATA
                0x060383ac                SHADOW
                0x060383b8                SHADOW_PALETTE
                0x060383d8                SHADOW_DATA
                0x06038458                WHEEL
                0x06038464                WHEEL_DATA
                0x060384e4                TYRE